// Jest Snapshot v1, https://goo.gl/fbAQLP

exports[`markdown theme build urls should getUrls and navigation for mode='file' and readme='none' 1`] = `
Array [
  "globals.md",
  "enums/direction.md",
  "classes/animal.md",
  "interfaces/squareconfig.md",
  "globals.md#let-color",
  "globals.md#let-commentswithfencedblock",
  "globals.md#let-commentswithincludes",
  "globals.md#let-commentswithsymbollinks",
  "globals.md#let-commentswithtags",
  "globals.md#let-decimal",
  "globals.md#let-isdone",
  "globals.md#let-list",
  "globals.md#let-n",
  "globals.md#let-notsure",
  "globals.md#let-u",
  "globals.md#let-x",
  "globals.md#buildname",
  "globals.md#commentsinreturn",
  "globals.md#error",
  "globals.md#warnuser",
  "README.md",
  "enums/direction.md",
  "classes/animal.md",
  "interfaces/squareconfig.md",
  "globals.md#let-color",
  "globals.md#let-commentswithfencedblock",
  "globals.md#let-commentswithincludes",
  "globals.md#let-commentswithsymbollinks",
  "globals.md#let-commentswithtags",
  "globals.md#let-decimal",
  "globals.md#let-isdone",
  "globals.md#let-list",
  "globals.md#let-n",
  "globals.md#let-notsure",
  "globals.md#let-u",
  "globals.md#let-x",
  "globals.md#buildname",
  "globals.md#commentsinreturn",
  "globals.md#error",
  "globals.md#warnuser",
  "enums/direction.md",
  "enums/direction.md#down",
  "enums/direction.md#left",
  "enums/direction.md#right",
  "enums/direction.md#up",
  "classes/animal.md",
  "classes/animal.md#constructor",
  "classes/animal.md#name",
  "classes/animal.md#move",
  "interfaces/squareconfig.md",
  "interfaces/squareconfig.md#optional-color",
  "interfaces/squareconfig.md#optional-width",
]
`;

exports[`markdown theme build urls should getUrls and navigation for mode='file' and readme='none' 2`] = `
NavigationItem {
  "children": Array [
    NavigationItem {
      "children": Array [
        NavigationItem {
          "parent": undefined,
          "title": "Animal",
          "url": "classes/animal.md",
        },
      ],
      "isLabel": true,
      "parent": undefined,
      "title": "Classes",
      "url": "",
    },
    NavigationItem {
      "children": Array [
        NavigationItem {
          "parent": undefined,
          "title": "Direction",
          "url": "enums/direction.md",
        },
      ],
      "isLabel": true,
      "parent": undefined,
      "title": "Enums",
      "url": "",
    },
    NavigationItem {
      "children": Array [
        NavigationItem {
          "parent": undefined,
          "title": "SquareConfig",
          "url": "interfaces/squareconfig.md",
        },
      ],
      "isLabel": true,
      "parent": undefined,
      "title": "Interfaces",
      "url": "",
    },
  ],
  "parent": undefined,
  "title": "typedoc-plugin-markdown",
  "url": "README.md",
}
`;

exports[`markdown theme build urls should getUrls and navigation for mode='modules' 1`] = `
Array [
  "README.md",
  "modules/_basic_types_.md",
  "modules/_classes_.md",
  "modules/_comments_.md",
  "modules/_enums_.md",
  "modules/_functions_.md",
  "modules/_interfaces_.md",
  "modules/_basic_types_.md",
  "modules/_basic_types_.md#let-color",
  "modules/_basic_types_.md#let-decimal",
  "modules/_basic_types_.md#let-isdone",
  "modules/_basic_types_.md#let-list",
  "modules/_basic_types_.md#let-n",
  "modules/_basic_types_.md#let-notsure",
  "modules/_basic_types_.md#let-u",
  "modules/_basic_types_.md#let-x",
  "modules/_basic_types_.md#error",
  "modules/_basic_types_.md#warnuser",
  "modules/_classes_.md",
  "classes/_classes_.animal.md",
  "classes/_classes_.animal.md",
  "classes/_classes_.animal.md#constructor",
  "classes/_classes_.animal.md#name",
  "classes/_classes_.animal.md#move",
  "modules/_comments_.md",
  "modules/_comments_.md#let-commentswithfencedblock",
  "modules/_comments_.md#let-commentswithincludes",
  "modules/_comments_.md#let-commentswithsymbollinks",
  "modules/_comments_.md#let-commentswithtags",
  "modules/_comments_.md#commentsinreturn",
  "modules/_enums_.md",
  "enums/_enums_.direction.md",
  "enums/_enums_.direction.md",
  "enums/_enums_.direction.md#down",
  "enums/_enums_.direction.md#left",
  "enums/_enums_.direction.md#right",
  "enums/_enums_.direction.md#up",
  "modules/_functions_.md",
  "modules/_functions_.md#buildname",
  "modules/_interfaces_.md",
  "interfaces/_interfaces_.squareconfig.md",
  "interfaces/_interfaces_.squareconfig.md",
  "interfaces/_interfaces_.squareconfig.md#optional-color",
  "interfaces/_interfaces_.squareconfig.md#optional-width",
]
`;

exports[`markdown theme build urls should getUrls and navigation for mode='modules' 2`] = `
NavigationItem {
  "children": Array [
    NavigationItem {
      "children": Array [
        NavigationItem {
          "parent": undefined,
          "title": "basic-types",
          "url": "modules/_basic_types_.md",
        },
        NavigationItem {
          "children": Array [
            NavigationItem {
              "parent": [Circular],
              "title": "classes.Animal",
              "url": "classes/_classes_.animal.md",
            },
            NavigationItem {
              "parent": [Circular],
              "title": "classes.Animal",
              "url": "classes/_classes_.animal.md",
            },
          ],
          "parent": undefined,
          "title": "classes",
          "url": "modules/_classes_.md",
        },
        NavigationItem {
          "parent": NavigationItem {
            "children": Array [
              [Circular],
              NavigationItem {
                "parent": [Circular],
                "title": "classes.Animal",
                "url": "classes/_classes_.animal.md",
              },
            ],
            "parent": undefined,
            "title": "classes",
            "url": "modules/_classes_.md",
          },
          "title": "classes.Animal",
          "url": "classes/_classes_.animal.md",
        },
        NavigationItem {
          "parent": undefined,
          "title": "comments",
          "url": "modules/_comments_.md",
        },
        NavigationItem {
          "children": Array [
            NavigationItem {
              "parent": [Circular],
              "title": "enums.Direction",
              "url": "enums/_enums_.direction.md",
            },
            NavigationItem {
              "parent": [Circular],
              "title": "enums.Direction",
              "url": "enums/_enums_.direction.md",
            },
          ],
          "parent": undefined,
          "title": "enums",
          "url": "modules/_enums_.md",
        },
        NavigationItem {
          "parent": NavigationItem {
            "children": Array [
              [Circular],
              NavigationItem {
                "parent": [Circular],
                "title": "enums.Direction",
                "url": "enums/_enums_.direction.md",
              },
            ],
            "parent": undefined,
            "title": "enums",
            "url": "modules/_enums_.md",
          },
          "title": "enums.Direction",
          "url": "enums/_enums_.direction.md",
        },
        NavigationItem {
          "parent": undefined,
          "title": "functions",
          "url": "modules/_functions_.md",
        },
        NavigationItem {
          "children": Array [
            NavigationItem {
              "parent": [Circular],
              "title": "interfaces.SquareConfig",
              "url": "interfaces/_interfaces_.squareconfig.md",
            },
            NavigationItem {
              "parent": [Circular],
              "title": "interfaces.SquareConfig",
              "url": "interfaces/_interfaces_.squareconfig.md",
            },
          ],
          "parent": undefined,
          "title": "interfaces",
          "url": "modules/_interfaces_.md",
        },
        NavigationItem {
          "parent": NavigationItem {
            "children": Array [
              [Circular],
              NavigationItem {
                "parent": [Circular],
                "title": "interfaces.SquareConfig",
                "url": "interfaces/_interfaces_.squareconfig.md",
              },
            ],
            "parent": undefined,
            "title": "interfaces",
            "url": "modules/_interfaces_.md",
          },
          "title": "interfaces.SquareConfig",
          "url": "interfaces/_interfaces_.squareconfig.md",
        },
      ],
      "isLabel": true,
      "parent": undefined,
      "title": "External Modules",
      "url": "",
    },
    NavigationItem {
      "children": Array [
        NavigationItem {
          "parent": NavigationItem {
            "children": Array [
              NavigationItem {
                "parent": [Circular],
                "title": "classes.Animal",
                "url": "classes/_classes_.animal.md",
              },
              [Circular],
            ],
            "parent": undefined,
            "title": "classes",
            "url": "modules/_classes_.md",
          },
          "title": "classes.Animal",
          "url": "classes/_classes_.animal.md",
        },
      ],
      "isLabel": true,
      "parent": undefined,
      "title": "Classes",
      "url": "",
    },
    NavigationItem {
      "children": Array [
        NavigationItem {
          "parent": NavigationItem {
            "children": Array [
              NavigationItem {
                "parent": [Circular],
                "title": "enums.Direction",
                "url": "enums/_enums_.direction.md",
              },
              [Circular],
            ],
            "parent": undefined,
            "title": "enums",
            "url": "modules/_enums_.md",
          },
          "title": "enums.Direction",
          "url": "enums/_enums_.direction.md",
        },
      ],
      "isLabel": true,
      "parent": undefined,
      "title": "Enums",
      "url": "",
    },
    NavigationItem {
      "children": Array [
        NavigationItem {
          "parent": NavigationItem {
            "children": Array [
              NavigationItem {
                "parent": [Circular],
                "title": "interfaces.SquareConfig",
                "url": "interfaces/_interfaces_.squareconfig.md",
              },
              [Circular],
            ],
            "parent": undefined,
            "title": "interfaces",
            "url": "modules/_interfaces_.md",
          },
          "title": "interfaces.SquareConfig",
          "url": "interfaces/_interfaces_.squareconfig.md",
        },
      ],
      "isLabel": true,
      "parent": undefined,
      "title": "Interfaces",
      "url": "",
    },
  ],
  "parent": undefined,
  "title": "typedoc-plugin-markdown",
  "url": "README.md",
}
`;
