// Jest Snapshot v1, https://goo.gl/fbAQLP

exports[`bitbucket theme build urls should getUrls for mode='file' and readme='none' 1`] = `
Array [
  "README.md",
  "enums/direction.md",
  "classes/animal.md",
  "interfaces/squareconfig.md",
  "README.md#markdown-header-let-color",
  "README.md#markdown-header-let-commentswithfencedblock",
  "README.md#markdown-header-let-commentswithincludes",
  "README.md#markdown-header-let-commentswithsymbollinks",
  "README.md#markdown-header-let-commentswithtags",
  "README.md#markdown-header-let-decimal",
  "README.md#markdown-header-let-isdone",
  "README.md#markdown-header-let-list",
  "README.md#markdown-header-let-n",
  "README.md#markdown-header-let-notsure",
  "README.md#markdown-header-let-u",
  "README.md#markdown-header-let-x",
  "README.md#markdown-header-buildname",
  "README.md#markdown-header-commentsinreturn",
  "README.md#markdown-header-error",
  "README.md#markdown-header-warnuser",
  "enums/direction.md",
  "enums/direction.md#markdown-header-down",
  "enums/direction.md#markdown-header-left",
  "enums/direction.md#markdown-header-right",
  "enums/direction.md#markdown-header-up",
  "classes/animal.md",
  "classes/animal.md#markdown-header-constructor",
  "classes/animal.md#markdown-header-name",
  "classes/animal.md#markdown-header-move",
  "interfaces/squareconfig.md",
  "interfaces/squareconfig.md#markdown-header-optional-color",
  "interfaces/squareconfig.md#markdown-header-optional-width",
]
`;

exports[`bitbucket theme build urls should getUrls for mode='modules' 1`] = `
Array [
  "globals.md",
  "modules/_basic_types_.md",
  "modules/_classes_.md",
  "modules/_comments_.md",
  "modules/_enums_.md",
  "modules/_functions_.md",
  "modules/_interfaces_.md",
  "README.md",
  "modules/_basic_types_.md",
  "modules/_classes_.md",
  "modules/_comments_.md",
  "modules/_enums_.md",
  "modules/_functions_.md",
  "modules/_interfaces_.md",
  "modules/_basic_types_.md",
  "modules/_basic_types_.md#markdown-header-let-color",
  "modules/_basic_types_.md#markdown-header-let-decimal",
  "modules/_basic_types_.md#markdown-header-let-isdone",
  "modules/_basic_types_.md#markdown-header-let-list",
  "modules/_basic_types_.md#markdown-header-let-n",
  "modules/_basic_types_.md#markdown-header-let-notsure",
  "modules/_basic_types_.md#markdown-header-let-u",
  "modules/_basic_types_.md#markdown-header-let-x",
  "modules/_basic_types_.md#markdown-header-error",
  "modules/_basic_types_.md#markdown-header-warnuser",
  "modules/_classes_.md",
  "classes/_classes_.animal.md",
  "classes/_classes_.animal.md",
  "classes/_classes_.animal.md#markdown-header-constructor",
  "classes/_classes_.animal.md#markdown-header-name",
  "classes/_classes_.animal.md#markdown-header-move",
  "modules/_comments_.md",
  "modules/_comments_.md#markdown-header-let-commentswithfencedblock",
  "modules/_comments_.md#markdown-header-let-commentswithincludes",
  "modules/_comments_.md#markdown-header-let-commentswithsymbollinks",
  "modules/_comments_.md#markdown-header-let-commentswithtags",
  "modules/_comments_.md#markdown-header-commentsinreturn",
  "modules/_enums_.md",
  "enums/_enums_.direction.md",
  "enums/_enums_.direction.md",
  "enums/_enums_.direction.md#markdown-header-down",
  "enums/_enums_.direction.md#markdown-header-left",
  "enums/_enums_.direction.md#markdown-header-right",
  "enums/_enums_.direction.md#markdown-header-up",
  "modules/_functions_.md",
  "modules/_functions_.md#markdown-header-buildname",
  "modules/_interfaces_.md",
  "interfaces/_interfaces_.squareconfig.md",
  "interfaces/_interfaces_.squareconfig.md",
  "interfaces/_interfaces_.squareconfig.md#markdown-header-optional-color",
  "interfaces/_interfaces_.squareconfig.md#markdown-header-optional-width",
]
`;
