// Jest Snapshot v1, https://goo.gl/fbAQLP

exports[`parameterTable helper should compile 1`] = `
"
Name | Type | Default | Description |
------ | ------ | ------ | ------ |
\`valueA\` | [object Object] | \\"defaultValue\\" | Test Comments |
\`valueB\` | [object Object] | 100 | Test Comments |
\`valueC\` | [object Object] |  Number.NaN | Test Comments |
\`valueD\` | [object Object] | true | Test Comments |
\`valueE\` | [object Object] |  null | Test Comments |
"
`;
